// Jest Snapshot v1, https://goo.gl/fbAQLP

exports[`Render the Root component 1`] = `
<div
  className="App"
>
  <header
    className="App-header"
  >
    <img
      alt="logo"
      className="App-logo"
      src="https://upload.wikimedia.org/wikipedia/commons/a/a7/React-icon.svg"
    />
    <h1
      className="App-title"
    >
      Welcome to poot
    </h1>
  </header>
  <p
    className="App-intro"
  >
    To get started, edit 
    <code>
      the is butternut
    </code>
     and save to reload.
  </p>
</div>
`;
