// Jest Snapshot v1, https://goo.gl/fbAQLP

exports[`Render the Root component 1`] = `<Component />`;
